Pred_Method    Pred_corr    Pred_R2    SNPs_used
LDpred_fast_p1.0000e-01    0.1799    0.0324    5000
LDpred_fast_p1.0000e-02    0.1917    0.0368    5000
LDpred_fast_p3.0000e-01    0.1739    0.0302    5000
LDpred_fast_p3.0000e-02    0.1874    0.0351    5000
LDpred_inf    0.1697    0.0288    5000
LDpred_p1.0000e+00    0.1758    0.0309    5000
LDpred_p1.0000e-01    0.1995    0.0398    5000
LDpred_p3.0000e-01    0.1876    0.0352    5000
P+T_r0.20_p1.0000e+00    0.1692    0.0286    459
P+T_r0.20_p1.0000e-01    0.1812    0.0328    188
P+T_r0.20_p3.0000e-01    0.1781    0.0317    339
