Pred_Method    Pred_corr    Pred_R2    SNPs_used
LDpred_fast_p1.0000e-01    0.1632    0.0266    8000
LDpred_fast_p1.0000e-02    0.1581    0.0250    8000
LDpred_fast_p3.0000e-01    0.1634    0.0267    8000
LDpred_fast_p3.0000e-02    0.1610    0.0259    8000
LDpred_inf    0.1649    0.0272    8000
LDpred_p1.0000e+00    0.1630    0.0266    8000
LDpred_p1.0000e-01    0.1572    0.0247    8000
LDpred_p3.0000e-01    0.1640    0.0269    8000
P+T_r0.20_p1.0000e+00    0.1546    0.0239    836
P+T_r0.20_p1.0000e-01    0.1620    0.0262    458
P+T_r0.20_p3.0000e-01    0.1531    0.0234    686
