line: we are in 6.8centos7.4
line1: mytemp line on 6.8centos7.4
line1-1: mytemp line on 6.8centos
line3: we are in 6.8centos
